
ATmegaBOOT.elf:     file format elf32-avr

Sections:
Idx Name          Size      VMA       LMA       File off  Algn
  0 .text         000003d4  00001c00  00001c00  00000094  2**1
                  CONTENTS, ALLOC, LOAD, READONLY, CODE
  1 .data         00000002  00800060  00001fd4  00000468  2**0
                  CONTENTS, ALLOC, LOAD, DATA
  2 .bss          00000108  00800062  00800062  0000046a  2**0
                  ALLOC
  3 .stab         000015e4  00000000  00000000  0000046c  2**2
                  CONTENTS, READONLY, DEBUGGING
  4 .stabstr      00000b53  00000000  00000000  00001a50  2**0
                  CONTENTS, READONLY, DEBUGGING
  5 .comment      00000011  00000000  00000000  000025a3  2**0
                  CONTENTS, READONLY

Disassembly of section .text:

00001c00 <__vectors>:
    1c00:	12 c0       	rjmp	.+36     	; 0x1c26 <__ctors_end>
    1c02:	2c c0       	rjmp	.+88     	; 0x1c5c <__bad_interrupt>
    1c04:	2b c0       	rjmp	.+86     	; 0x1c5c <__bad_interrupt>
    1c06:	2a c0       	rjmp	.+84     	; 0x1c5c <__bad_interrupt>
    1c08:	29 c0       	rjmp	.+82     	; 0x1c5c <__bad_interrupt>
    1c0a:	28 c0       	rjmp	.+80     	; 0x1c5c <__bad_interrupt>
    1c0c:	27 c0       	rjmp	.+78     	; 0x1c5c <__bad_interrupt>
    1c0e:	26 c0       	rjmp	.+76     	; 0x1c5c <__bad_interrupt>
    1c10:	25 c0       	rjmp	.+74     	; 0x1c5c <__bad_interrupt>
    1c12:	24 c0       	rjmp	.+72     	; 0x1c5c <__bad_interrupt>
    1c14:	23 c0       	rjmp	.+70     	; 0x1c5c <__bad_interrupt>
    1c16:	22 c0       	rjmp	.+68     	; 0x1c5c <__bad_interrupt>
    1c18:	21 c0       	rjmp	.+66     	; 0x1c5c <__bad_interrupt>
    1c1a:	20 c0       	rjmp	.+64     	; 0x1c5c <__bad_interrupt>
    1c1c:	1f c0       	rjmp	.+62     	; 0x1c5c <__bad_interrupt>
    1c1e:	1e c0       	rjmp	.+60     	; 0x1c5c <__bad_interrupt>
    1c20:	1d c0       	rjmp	.+58     	; 0x1c5c <__bad_interrupt>
    1c22:	1c c0       	rjmp	.+56     	; 0x1c5c <__bad_interrupt>
    1c24:	1b c0       	rjmp	.+54     	; 0x1c5c <__bad_interrupt>

00001c26 <__ctors_end>:
    1c26:	11 24       	eor	r1, r1
    1c28:	1f be       	out	0x3f, r1	; 63
    1c2a:	cf e5       	ldi	r28, 0x5F	; 95
    1c2c:	d4 e0       	ldi	r29, 0x04	; 4
    1c2e:	de bf       	out	0x3e, r29	; 62
    1c30:	cd bf       	out	0x3d, r28	; 61

00001c32 <__do_copy_data>:
    1c32:	10 e0       	ldi	r17, 0x00	; 0
    1c34:	a0 e6       	ldi	r26, 0x60	; 96
    1c36:	b0 e0       	ldi	r27, 0x00	; 0
    1c38:	e4 ed       	ldi	r30, 0xD4	; 212
    1c3a:	ff e1       	ldi	r31, 0x1F	; 31
    1c3c:	02 c0       	rjmp	.+4      	; 0x1c42 <__do_copy_data+0x10>
    1c3e:	05 90       	lpm	r0, Z+
    1c40:	0d 92       	st	X+, r0
    1c42:	a2 36       	cpi	r26, 0x62	; 98
    1c44:	b1 07       	cpc	r27, r17
    1c46:	d9 f7       	brne	.-10     	; 0x1c3e <__do_copy_data+0xc>

00001c48 <__do_clear_bss>:
    1c48:	11 e0       	ldi	r17, 0x01	; 1
    1c4a:	a2 e6       	ldi	r26, 0x62	; 98
    1c4c:	b0 e0       	ldi	r27, 0x00	; 0
    1c4e:	01 c0       	rjmp	.+2      	; 0x1c52 <.do_clear_bss_start>

00001c50 <.do_clear_bss_loop>:
    1c50:	1d 92       	st	X+, r1

00001c52 <.do_clear_bss_start>:
    1c52:	aa 36       	cpi	r26, 0x6A	; 106
    1c54:	b1 07       	cpc	r27, r17
    1c56:	e1 f7       	brne	.-8      	; 0x1c50 <.do_clear_bss_loop>
    1c58:	4a d0       	rcall	.+148    	; 0x1cee <main>
    1c5a:	ba c1       	rjmp	.+884    	; 0x1fd0 <_exit>

00001c5c <__bad_interrupt>:
    1c5c:	d1 cf       	rjmp	.-94     	; 0x1c00 <__vectors>

00001c5e <putch>:
}

void putch(char ch)
{
  /* m8 */
  while (!(inb(UCSRA) & _BV(UDRE)));
    1c5e:	5d 9b       	sbis	0x0b, 5	; 11
    1c60:	fe cf       	rjmp	.-4      	; 0x1c5e <putch>
  outb(UDR,ch);
    1c62:	8c b9       	out	0x0c, r24	; 12
    1c64:	08 95       	ret

00001c66 <getch>:
}

char getch(void)
{
    1c66:	cf 92       	push	r12
    1c68:	df 92       	push	r13
    1c6a:	ef 92       	push	r14
    1c6c:	ff 92       	push	r15
  /* m8 */
	uint32_t count = 0;
    1c6e:	c1 2c       	mov	r12, r1
    1c70:	d1 2c       	mov	r13, r1
    1c72:	76 01       	movw	r14, r12
  while(!(inb(UCSRA) & _BV(RXC))) {
    1c74:	12 c0       	rjmp	.+36     	; 0x1c9a <getch+0x34>
		/* HACKME:: here is a good place to count times*/
		count++;
    1c76:	8f ef       	ldi	r24, 0xFF	; 255
    1c78:	c8 1a       	sub	r12, r24
    1c7a:	d8 0a       	sbc	r13, r24
    1c7c:	e8 0a       	sbc	r14, r24
    1c7e:	f8 0a       	sbc	r15, r24
		if (count > MAX_TIME_COUNT)
    1c80:	81 e0       	ldi	r24, 0x01	; 1
    1c82:	c8 16       	cp	r12, r24
    1c84:	89 e0       	ldi	r24, 0x09	; 9
    1c86:	d8 06       	cpc	r13, r24
    1c88:	8d e3       	ldi	r24, 0x3D	; 61
    1c8a:	e8 06       	cpc	r14, r24
    1c8c:	f1 04       	cpc	r15, r1
    1c8e:	28 f0       	brcs	.+10     	; 0x1c9a <getch+0x34>
			app_start();
    1c90:	e0 91 62 00 	lds	r30, 0x0062
    1c94:	f0 91 63 00 	lds	r31, 0x0063
    1c98:	09 95       	icall

char getch(void)
{
  /* m8 */
	uint32_t count = 0;
  while(!(inb(UCSRA) & _BV(RXC))) {
    1c9a:	5f 9b       	sbis	0x0b, 7	; 11
    1c9c:	ec cf       	rjmp	.-40     	; 0x1c76 <getch+0x10>
		/* HACKME:: here is a good place to count times*/
		count++;
		if (count > MAX_TIME_COUNT)
			app_start();
  }
  return (inb(UDR));
    1c9e:	8c b1       	in	r24, 0x0c	; 12
}
    1ca0:	ff 90       	pop	r15
    1ca2:	ef 90       	pop	r14
    1ca4:	df 90       	pop	r13
    1ca6:	cf 90       	pop	r12
    1ca8:	08 95       	ret

00001caa <getNch>:

void getNch(uint8_t count)
{
    1caa:	cf 93       	push	r28
    1cac:	df 93       	push	r29
    1cae:	d8 2f       	mov	r29, r24
  uint8_t i;
  for(i=0;i<count;i++) {
    1cb0:	c0 e0       	ldi	r28, 0x00	; 0
    1cb2:	02 c0       	rjmp	.+4      	; 0x1cb8 <getNch+0xe>
    /* m8 */
    //while(!(inb(UCSRA) & _BV(RXC)));
    //inb(UDR);
		getch(); // need to handle time out
    1cb4:	d8 df       	rcall	.-80     	; 0x1c66 <getch>
}

void getNch(uint8_t count)
{
  uint8_t i;
  for(i=0;i<count;i++) {
    1cb6:	cf 5f       	subi	r28, 0xFF	; 255
    1cb8:	cd 13       	cpse	r28, r29
    1cba:	fc cf       	rjmp	.-8      	; 0x1cb4 <getNch+0xa>
    /* m8 */
    //while(!(inb(UCSRA) & _BV(RXC)));
    //inb(UDR);
		getch(); // need to handle time out
  }
}
    1cbc:	df 91       	pop	r29
    1cbe:	cf 91       	pop	r28
    1cc0:	08 95       	ret

00001cc2 <byte_response>:

void byte_response(uint8_t val)
{
    1cc2:	cf 93       	push	r28
    1cc4:	c8 2f       	mov	r28, r24
  if (getch() == ' ') {
    1cc6:	cf df       	rcall	.-98     	; 0x1c66 <getch>
    1cc8:	80 32       	cpi	r24, 0x20	; 32
    1cca:	39 f4       	brne	.+14     	; 0x1cda <byte_response+0x18>
    putch(0x14);
    1ccc:	84 e1       	ldi	r24, 0x14	; 20
    1cce:	c7 df       	rcall	.-114    	; 0x1c5e <putch>
    putch(val);
    1cd0:	8c 2f       	mov	r24, r28
    1cd2:	c5 df       	rcall	.-118    	; 0x1c5e <putch>
    putch(0x10);
    1cd4:	80 e1       	ldi	r24, 0x10	; 16
  }
}
    1cd6:	cf 91       	pop	r28
void byte_response(uint8_t val)
{
  if (getch() == ' ') {
    putch(0x14);
    putch(val);
    putch(0x10);
    1cd8:	c2 cf       	rjmp	.-124    	; 0x1c5e <putch>
  }
}
    1cda:	cf 91       	pop	r28
    1cdc:	08 95       	ret

00001cde <nothing_response>:

void nothing_response(void)
{
  if (getch() == ' ') {
    1cde:	c3 df       	rcall	.-122    	; 0x1c66 <getch>
    1ce0:	80 32       	cpi	r24, 0x20	; 32
    1ce2:	21 f4       	brne	.+8      	; 0x1cec <nothing_response+0xe>
    putch(0x14);
    1ce4:	84 e1       	ldi	r24, 0x14	; 20
    1ce6:	bb df       	rcall	.-138    	; 0x1c5e <putch>
    putch(0x10);
    1ce8:	80 e1       	ldi	r24, 0x10	; 16
    1cea:	b9 cf       	rjmp	.-142    	; 0x1c5e <putch>
    1cec:	08 95       	ret

00001cee <main>:
    1cee:	00 00       	nop
    1cf0:	10 bc       	out	0x20, r1	; 32
    1cf2:	83 e3       	ldi	r24, 0x33	; 51
    1cf4:	89 b9       	out	0x09, r24	; 9
    1cf6:	88 e1       	ldi	r24, 0x18	; 24
    1cf8:	8a b9       	out	0x0a, r24	; 10
    1cfa:	86 e8       	ldi	r24, 0x86	; 134
    1cfc:	80 bd       	out	0x20, r24	; 32
    1cfe:	a0 9a       	sbi	0x14, 0	; 20
    1d00:	10 92 68 01 	sts	0x0168, r1
    1d04:	51 e0       	ldi	r21, 0x01	; 1
    1d06:	20 e0       	ldi	r18, 0x00	; 0
    1d08:	30 e0       	ldi	r19, 0x00	; 0
    1d0a:	09 c0       	rjmp	.+18     	; 0x1d1e <main+0x30>
    1d0c:	85 b3       	in	r24, 0x15	; 21
    1d0e:	85 27       	eor	r24, r21
    1d10:	85 bb       	out	0x15, r24	; 21
    1d12:	c9 01       	movw	r24, r18
    1d14:	01 97       	sbiw	r24, 0x01	; 1
    1d16:	f1 f7       	brne	.-4      	; 0x1d14 <main+0x26>
    1d18:	4f 5f       	subi	r20, 0xFF	; 255
    1d1a:	40 93 68 01 	sts	0x0168, r20
    1d1e:	40 91 68 01 	lds	r20, 0x0168
    1d22:	40 31       	cpi	r20, 0x10	; 16
    1d24:	98 f3       	brcs	.-26     	; 0x1d0c <main+0x1e>
    1d26:	9f df       	rcall	.-194    	; 0x1c66 <getch>
    1d28:	80 33       	cpi	r24, 0x30	; 48
    1d2a:	09 f4       	brne	.+2      	; 0x1d2e <main+0x40>
    1d2c:	30 c0       	rjmp	.+96     	; 0x1d8e <main+0xa0>
    1d2e:	81 33       	cpi	r24, 0x31	; 49
    1d30:	99 f4       	brne	.+38     	; 0x1d58 <main+0x6a>
    1d32:	99 df       	rcall	.-206    	; 0x1c66 <getch>
    1d34:	80 32       	cpi	r24, 0x20	; 32
    1d36:	b9 f7       	brne	.-18     	; 0x1d26 <main+0x38>
    1d38:	84 e1       	ldi	r24, 0x14	; 20
    1d3a:	91 df       	rcall	.-222    	; 0x1c5e <putch>
    1d3c:	81 e4       	ldi	r24, 0x41	; 65
    1d3e:	8f df       	rcall	.-226    	; 0x1c5e <putch>
    1d40:	86 e5       	ldi	r24, 0x56	; 86
    1d42:	8d df       	rcall	.-230    	; 0x1c5e <putch>
    1d44:	82 e5       	ldi	r24, 0x52	; 82
    1d46:	8b df       	rcall	.-234    	; 0x1c5e <putch>
    1d48:	80 e2       	ldi	r24, 0x20	; 32
    1d4a:	89 df       	rcall	.-238    	; 0x1c5e <putch>
    1d4c:	89 e4       	ldi	r24, 0x49	; 73
    1d4e:	87 df       	rcall	.-242    	; 0x1c5e <putch>
    1d50:	83 e5       	ldi	r24, 0x53	; 83
    1d52:	85 df       	rcall	.-246    	; 0x1c5e <putch>
    1d54:	80 e5       	ldi	r24, 0x50	; 80
    1d56:	1f c1       	rjmp	.+574    	; 0x1f96 <block_done+0xb4>
    1d58:	80 34       	cpi	r24, 0x40	; 64
    1d5a:	29 f4       	brne	.+10     	; 0x1d66 <main+0x78>
    1d5c:	84 df       	rcall	.-248    	; 0x1c66 <getch>
    1d5e:	86 38       	cpi	r24, 0x86	; 134
    1d60:	b0 f0       	brcs	.+44     	; 0x1d8e <main+0xa0>
    1d62:	81 df       	rcall	.-254    	; 0x1c66 <getch>
    1d64:	14 c0       	rjmp	.+40     	; 0x1d8e <main+0xa0>
    1d66:	81 34       	cpi	r24, 0x41	; 65
    1d68:	71 f4       	brne	.+28     	; 0x1d86 <main+0x98>
    1d6a:	7d df       	rcall	.-262    	; 0x1c66 <getch>
    1d6c:	80 38       	cpi	r24, 0x80	; 128
    1d6e:	11 f4       	brne	.+4      	; 0x1d74 <main+0x86>
    1d70:	82 e0       	ldi	r24, 0x02	; 2
    1d72:	03 c0       	rjmp	.+6      	; 0x1d7a <main+0x8c>
    1d74:	81 38       	cpi	r24, 0x81	; 129
    1d76:	19 f4       	brne	.+6      	; 0x1d7e <main+0x90>
    1d78:	81 e0       	ldi	r24, 0x01	; 1
    1d7a:	a3 df       	rcall	.-186    	; 0x1cc2 <byte_response>
    1d7c:	d4 cf       	rjmp	.-88     	; 0x1d26 <main+0x38>
    1d7e:	82 38       	cpi	r24, 0x82	; 130
    1d80:	f9 f4       	brne	.+62     	; 0x1dc0 <main+0xd2>
    1d82:	82 e1       	ldi	r24, 0x12	; 18
    1d84:	fa cf       	rjmp	.-12     	; 0x1d7a <main+0x8c>
    1d86:	82 34       	cpi	r24, 0x42	; 66
    1d88:	21 f4       	brne	.+8      	; 0x1d92 <main+0xa4>
    1d8a:	84 e1       	ldi	r24, 0x14	; 20
    1d8c:	8e df       	rcall	.-228    	; 0x1caa <getNch>
    1d8e:	a7 df       	rcall	.-178    	; 0x1cde <nothing_response>
    1d90:	ca cf       	rjmp	.-108    	; 0x1d26 <main+0x38>
    1d92:	85 34       	cpi	r24, 0x45	; 69
    1d94:	11 f4       	brne	.+4      	; 0x1d9a <main+0xac>
    1d96:	85 e0       	ldi	r24, 0x05	; 5
    1d98:	f9 cf       	rjmp	.-14     	; 0x1d8c <main+0x9e>
    1d9a:	80 35       	cpi	r24, 0x50	; 80
    1d9c:	c1 f3       	breq	.-16     	; 0x1d8e <main+0xa0>
    1d9e:	81 35       	cpi	r24, 0x51	; 81
    1da0:	b1 f3       	breq	.-20     	; 0x1d8e <main+0xa0>
    1da2:	82 35       	cpi	r24, 0x52	; 82
    1da4:	a1 f3       	breq	.-24     	; 0x1d8e <main+0xa0>
    1da6:	85 35       	cpi	r24, 0x55	; 85
    1da8:	39 f4       	brne	.+14     	; 0x1db8 <main+0xca>
    1daa:	5d df       	rcall	.-326    	; 0x1c66 <getch>
    1dac:	80 93 64 00 	sts	0x0064, r24
    1db0:	5a df       	rcall	.-332    	; 0x1c66 <getch>
    1db2:	80 93 65 00 	sts	0x0065, r24
    1db6:	eb cf       	rjmp	.-42     	; 0x1d8e <main+0xa0>
    1db8:	86 35       	cpi	r24, 0x56	; 86
    1dba:	21 f4       	brne	.+8      	; 0x1dc4 <main+0xd6>
    1dbc:	84 e0       	ldi	r24, 0x04	; 4
    1dbe:	75 df       	rcall	.-278    	; 0x1caa <getNch>
    1dc0:	80 e0       	ldi	r24, 0x00	; 0
    1dc2:	db cf       	rjmp	.-74     	; 0x1d7a <main+0x8c>
    1dc4:	84 36       	cpi	r24, 0x64	; 100
    1dc6:	09 f0       	breq	.+2      	; 0x1dca <main+0xdc>
    1dc8:	8f c0       	rjmp	.+286    	; 0x1ee8 <block_done+0x6>
    1dca:	4d df       	rcall	.-358    	; 0x1c66 <getch>
    1dcc:	80 93 67 01 	sts	0x0167, r24
    1dd0:	4a df       	rcall	.-364    	; 0x1c66 <getch>
    1dd2:	80 93 66 01 	sts	0x0166, r24
    1dd6:	80 91 69 01 	lds	r24, 0x0169
    1dda:	8e 7f       	andi	r24, 0xFE	; 254
    1ddc:	80 93 69 01 	sts	0x0169, r24
    1de0:	42 df       	rcall	.-380    	; 0x1c66 <getch>
    1de2:	85 34       	cpi	r24, 0x45	; 69
    1de4:	29 f4       	brne	.+10     	; 0x1df0 <main+0x102>
    1de6:	80 91 69 01 	lds	r24, 0x0169
    1dea:	81 60       	ori	r24, 0x01	; 1
    1dec:	80 93 69 01 	sts	0x0169, r24
    1df0:	06 e6       	ldi	r16, 0x66	; 102
    1df2:	10 e0       	ldi	r17, 0x00	; 0
    1df4:	78 01       	movw	r14, r16
    1df6:	04 c0       	rjmp	.+8      	; 0x1e00 <main+0x112>
    1df8:	36 df       	rcall	.-404    	; 0x1c66 <getch>
    1dfa:	f7 01       	movw	r30, r14
    1dfc:	81 93       	st	Z+, r24
    1dfe:	7f 01       	movw	r14, r30
    1e00:	97 01       	movw	r18, r14
    1e02:	26 56       	subi	r18, 0x66	; 102
    1e04:	30 40       	sbci	r19, 0x00	; 0
    1e06:	80 91 66 01 	lds	r24, 0x0166
    1e0a:	90 91 67 01 	lds	r25, 0x0167
    1e0e:	28 17       	cp	r18, r24
    1e10:	39 07       	cpc	r19, r25
    1e12:	90 f3       	brcs	.-28     	; 0x1df8 <main+0x10a>
    1e14:	28 df       	rcall	.-432    	; 0x1c66 <getch>
    1e16:	80 32       	cpi	r24, 0x20	; 32
    1e18:	09 f0       	breq	.+2      	; 0x1e1c <main+0x12e>
    1e1a:	85 cf       	rjmp	.-246    	; 0x1d26 <main+0x38>
    1e1c:	80 91 69 01 	lds	r24, 0x0169
    1e20:	80 fd       	sbrc	r24, 0
    1e22:	12 c0       	rjmp	.+36     	; 0x1e48 <main+0x15a>
    1e24:	1c c0       	rjmp	.+56     	; 0x1e5e <main+0x170>
    1e26:	f8 01       	movw	r30, r16
    1e28:	61 91       	ld	r22, Z+
    1e2a:	8f 01       	movw	r16, r30
    1e2c:	80 91 64 00 	lds	r24, 0x0064
    1e30:	90 91 65 00 	lds	r25, 0x0065
    1e34:	c0 d0       	rcall	.+384    	; 0x1fb6 <__eewr_byte_m8>
    1e36:	80 91 64 00 	lds	r24, 0x0064
    1e3a:	90 91 65 00 	lds	r25, 0x0065
    1e3e:	01 96       	adiw	r24, 0x01	; 1
    1e40:	90 93 65 00 	sts	0x0065, r25
    1e44:	80 93 64 00 	sts	0x0064, r24
    1e48:	98 01       	movw	r18, r16
    1e4a:	26 56       	subi	r18, 0x66	; 102
    1e4c:	30 40       	sbci	r19, 0x00	; 0
    1e4e:	80 91 66 01 	lds	r24, 0x0166
    1e52:	90 91 67 01 	lds	r25, 0x0167
    1e56:	28 17       	cp	r18, r24
    1e58:	39 07       	cpc	r19, r25
    1e5a:	28 f3       	brcs	.-54     	; 0x1e26 <main+0x138>
    1e5c:	43 c0       	rjmp	.+134    	; 0x1ee4 <block_done+0x2>
    1e5e:	f8 94       	cli
    1e60:	e1 99       	sbic	0x1c, 1	; 28
    1e62:	fe cf       	rjmp	.-4      	; 0x1e60 <main+0x172>
    1e64:	11 27       	eor	r17, r17
    1e66:	e0 91 64 00 	lds	r30, 0x0064
    1e6a:	f0 91 65 00 	lds	r31, 0x0065
    1e6e:	ee 0f       	add	r30, r30
    1e70:	ff 1f       	adc	r31, r31
    1e72:	c6 e6       	ldi	r28, 0x66	; 102
    1e74:	d0 e0       	ldi	r29, 0x00	; 0
    1e76:	80 91 66 01 	lds	r24, 0x0166
    1e7a:	90 91 67 01 	lds	r25, 0x0167
    1e7e:	80 ff       	sbrs	r24, 0
    1e80:	01 c0       	rjmp	.+2      	; 0x1e84 <length_loop>
    1e82:	01 96       	adiw	r24, 0x01	; 1

00001e84 <length_loop>:
    1e84:	10 30       	cpi	r17, 0x00	; 0
    1e86:	51 f4       	brne	.+20     	; 0x1e9c <no_page_erase>
    1e88:	22 d0       	rcall	.+68     	; 0x1ece <wait_spm>
    1e8a:	03 e0       	ldi	r16, 0x03	; 3
    1e8c:	00 93 57 00 	sts	0x0057, r16
    1e90:	e8 95       	spm
    1e92:	1d d0       	rcall	.+58     	; 0x1ece <wait_spm>
    1e94:	01 e1       	ldi	r16, 0x11	; 17
    1e96:	00 93 57 00 	sts	0x0057, r16
    1e9a:	e8 95       	spm

00001e9c <no_page_erase>:
    1e9c:	09 90       	ld	r0, Y+
    1e9e:	19 90       	ld	r1, Y+
    1ea0:	16 d0       	rcall	.+44     	; 0x1ece <wait_spm>
    1ea2:	01 e0       	ldi	r16, 0x01	; 1
    1ea4:	00 93 57 00 	sts	0x0057, r16
    1ea8:	e8 95       	spm
    1eaa:	13 95       	inc	r17
    1eac:	10 32       	cpi	r17, 0x20	; 32
    1eae:	58 f0       	brcs	.+22     	; 0x1ec6 <same_page>

00001eb0 <write_page>:
    1eb0:	11 27       	eor	r17, r17
    1eb2:	0d d0       	rcall	.+26     	; 0x1ece <wait_spm>
    1eb4:	05 e0       	ldi	r16, 0x05	; 5
    1eb6:	00 93 57 00 	sts	0x0057, r16
    1eba:	e8 95       	spm
    1ebc:	08 d0       	rcall	.+16     	; 0x1ece <wait_spm>
    1ebe:	01 e1       	ldi	r16, 0x11	; 17
    1ec0:	00 93 57 00 	sts	0x0057, r16
    1ec4:	e8 95       	spm

00001ec6 <same_page>:
    1ec6:	32 96       	adiw	r30, 0x02	; 2
    1ec8:	02 97       	sbiw	r24, 0x02	; 2
    1eca:	39 f0       	breq	.+14     	; 0x1eda <final_write>
    1ecc:	db cf       	rjmp	.-74     	; 0x1e84 <length_loop>

00001ece <wait_spm>:
    1ece:	00 91 57 00 	lds	r16, 0x0057
    1ed2:	01 70       	andi	r16, 0x01	; 1
    1ed4:	01 30       	cpi	r16, 0x01	; 1
    1ed6:	d9 f3       	breq	.-10     	; 0x1ece <wait_spm>
    1ed8:	08 95       	ret

00001eda <final_write>:
    1eda:	10 30       	cpi	r17, 0x00	; 0
    1edc:	11 f0       	breq	.+4      	; 0x1ee2 <block_done>
    1ede:	02 96       	adiw	r24, 0x02	; 2
    1ee0:	e7 cf       	rjmp	.-50     	; 0x1eb0 <write_page>

00001ee2 <block_done>:
    1ee2:	11 24       	eor	r1, r1
    1ee4:	84 e1       	ldi	r24, 0x14	; 20
    1ee6:	57 c0       	rjmp	.+174    	; 0x1f96 <block_done+0xb4>
    1ee8:	84 37       	cpi	r24, 0x74	; 116
    1eea:	09 f0       	breq	.+2      	; 0x1eee <block_done+0xc>
    1eec:	47 c0       	rjmp	.+142    	; 0x1f7c <block_done+0x9a>
    1eee:	bb de       	rcall	.-650    	; 0x1c66 <getch>
    1ef0:	80 93 67 01 	sts	0x0167, r24
    1ef4:	b8 de       	rcall	.-656    	; 0x1c66 <getch>
    1ef6:	80 93 66 01 	sts	0x0166, r24
    1efa:	b5 de       	rcall	.-662    	; 0x1c66 <getch>
    1efc:	90 91 69 01 	lds	r25, 0x0169
    1f00:	85 34       	cpi	r24, 0x45	; 69
    1f02:	21 f4       	brne	.+8      	; 0x1f0c <block_done+0x2a>
    1f04:	91 60       	ori	r25, 0x01	; 1
    1f06:	90 93 69 01 	sts	0x0169, r25
    1f0a:	0d c0       	rjmp	.+26     	; 0x1f26 <block_done+0x44>
    1f0c:	9e 7f       	andi	r25, 0xFE	; 254
    1f0e:	90 93 69 01 	sts	0x0169, r25
    1f12:	80 91 64 00 	lds	r24, 0x0064
    1f16:	90 91 65 00 	lds	r25, 0x0065
    1f1a:	88 0f       	add	r24, r24
    1f1c:	99 1f       	adc	r25, r25
    1f1e:	90 93 65 00 	sts	0x0065, r25
    1f22:	80 93 64 00 	sts	0x0064, r24
    1f26:	9f de       	rcall	.-706    	; 0x1c66 <getch>
    1f28:	80 32       	cpi	r24, 0x20	; 32
    1f2a:	09 f0       	breq	.+2      	; 0x1f2e <block_done+0x4c>
    1f2c:	fc ce       	rjmp	.-520    	; 0x1d26 <main+0x38>
    1f2e:	84 e1       	ldi	r24, 0x14	; 20
    1f30:	96 de       	rcall	.-724    	; 0x1c5e <putch>
    1f32:	00 e0       	ldi	r16, 0x00	; 0
    1f34:	10 e0       	ldi	r17, 0x00	; 0
    1f36:	1a c0       	rjmp	.+52     	; 0x1f6c <block_done+0x8a>
    1f38:	20 91 69 01 	lds	r18, 0x0169
    1f3c:	80 91 64 00 	lds	r24, 0x0064
    1f40:	90 91 65 00 	lds	r25, 0x0065
    1f44:	20 ff       	sbrs	r18, 0
    1f46:	02 c0       	rjmp	.+4      	; 0x1f4c <block_done+0x6a>
    1f48:	2e d0       	rcall	.+92     	; 0x1fa6 <__eerd_byte_m8>
    1f4a:	04 c0       	rjmp	.+8      	; 0x1f54 <block_done+0x72>
    1f4c:	21 fd       	sbrc	r18, 1
    1f4e:	03 c0       	rjmp	.+6      	; 0x1f56 <block_done+0x74>
    1f50:	fc 01       	movw	r30, r24
    1f52:	84 91       	lpm	r24, Z
    1f54:	84 de       	rcall	.-760    	; 0x1c5e <putch>
    1f56:	80 91 64 00 	lds	r24, 0x0064
    1f5a:	90 91 65 00 	lds	r25, 0x0065
    1f5e:	01 96       	adiw	r24, 0x01	; 1
    1f60:	90 93 65 00 	sts	0x0065, r25
    1f64:	80 93 64 00 	sts	0x0064, r24
    1f68:	0f 5f       	subi	r16, 0xFF	; 255
    1f6a:	1f 4f       	sbci	r17, 0xFF	; 255
    1f6c:	80 91 66 01 	lds	r24, 0x0166
    1f70:	90 91 67 01 	lds	r25, 0x0167
    1f74:	08 17       	cp	r16, r24
    1f76:	19 07       	cpc	r17, r25
    1f78:	f8 f2       	brcs	.-66     	; 0x1f38 <block_done+0x56>
    1f7a:	0e c0       	rjmp	.+28     	; 0x1f98 <block_done+0xb6>
    1f7c:	85 37       	cpi	r24, 0x75	; 117
    1f7e:	79 f4       	brne	.+30     	; 0x1f9e <block_done+0xbc>
    1f80:	72 de       	rcall	.-796    	; 0x1c66 <getch>
    1f82:	80 32       	cpi	r24, 0x20	; 32
    1f84:	09 f0       	breq	.+2      	; 0x1f88 <block_done+0xa6>
    1f86:	cf ce       	rjmp	.-610    	; 0x1d26 <main+0x38>
    1f88:	84 e1       	ldi	r24, 0x14	; 20
    1f8a:	69 de       	rcall	.-814    	; 0x1c5e <putch>
    1f8c:	8e e1       	ldi	r24, 0x1E	; 30
    1f8e:	67 de       	rcall	.-818    	; 0x1c5e <putch>
    1f90:	83 e9       	ldi	r24, 0x93	; 147
    1f92:	65 de       	rcall	.-822    	; 0x1c5e <putch>
    1f94:	87 e0       	ldi	r24, 0x07	; 7
    1f96:	63 de       	rcall	.-826    	; 0x1c5e <putch>
    1f98:	80 e1       	ldi	r24, 0x10	; 16
    1f9a:	61 de       	rcall	.-830    	; 0x1c5e <putch>
    1f9c:	c4 ce       	rjmp	.-632    	; 0x1d26 <main+0x38>
    1f9e:	86 37       	cpi	r24, 0x76	; 118
    1fa0:	09 f0       	breq	.+2      	; 0x1fa4 <block_done+0xc2>
    1fa2:	c1 ce       	rjmp	.-638    	; 0x1d26 <main+0x38>
    1fa4:	0d cf       	rjmp	.-486    	; 0x1dc0 <main+0xd2>

00001fa6 <__eerd_byte_m8>:
    1fa6:	e1 99       	sbic	0x1c, 1	; 28
    1fa8:	fe cf       	rjmp	.-4      	; 0x1fa6 <__eerd_byte_m8>
    1faa:	9f bb       	out	0x1f, r25	; 31
    1fac:	8e bb       	out	0x1e, r24	; 30
    1fae:	e0 9a       	sbi	0x1c, 0	; 28
    1fb0:	99 27       	eor	r25, r25
    1fb2:	8d b3       	in	r24, 0x1d	; 29
    1fb4:	08 95       	ret

00001fb6 <__eewr_byte_m8>:
    1fb6:	26 2f       	mov	r18, r22

00001fb8 <__eewr_r18_m8>:
    1fb8:	e1 99       	sbic	0x1c, 1	; 28
    1fba:	fe cf       	rjmp	.-4      	; 0x1fb8 <__eewr_r18_m8>
    1fbc:	9f bb       	out	0x1f, r25	; 31
    1fbe:	8e bb       	out	0x1e, r24	; 30
    1fc0:	2d bb       	out	0x1d, r18	; 29
    1fc2:	0f b6       	in	r0, 0x3f	; 63
    1fc4:	f8 94       	cli
    1fc6:	e2 9a       	sbi	0x1c, 2	; 28
    1fc8:	e1 9a       	sbi	0x1c, 1	; 28
    1fca:	0f be       	out	0x3f, r0	; 63
    1fcc:	01 96       	adiw	r24, 0x01	; 1
    1fce:	08 95       	ret

00001fd0 <_exit>:
    1fd0:	f8 94       	cli

00001fd2 <__stop_program>:
    1fd2:	ff cf       	rjmp	.-2      	; 0x1fd2 <__stop_program>
