Archive member included because of file (symbol)

/usr/lib/gcc/avr/4.4.1/avr4/libgcc.a(_exit.o)
                              /usr/lib/gcc/avr/4.4.1/../../../../avr/lib/avr4/crtm8.o (exit)
/usr/lib/gcc/avr/4.4.1/avr4/libgcc.a(_copy_data.o)
                              pcf857x.o (__do_copy_data)
/usr/lib/gcc/avr/4.4.1/avr4/libgcc.a(_clear_bss.o)
                              pcf857x.o (__do_clear_bss)
/usr/lib/gcc/avr/4.4.1/../../../../avr/lib/avr4/libc.a(iob.o)
                              pcf857x.o (__iob)
/usr/lib/gcc/avr/4.4.1/../../../../avr/lib/avr4/libc.a(printf.o)
                              main.o (printf)
/usr/lib/gcc/avr/4.4.1/../../../../avr/lib/avr4/libc.a(vfprintf_std.o)
                              /usr/lib/gcc/avr/4.4.1/../../../../avr/lib/avr4/libc.a(printf.o) (vfprintf)
/usr/lib/gcc/avr/4.4.1/../../../../avr/lib/avr4/libc.a(strnlen_P.o)
                              /usr/lib/gcc/avr/4.4.1/../../../../avr/lib/avr4/libc.a(vfprintf_std.o) (strnlen_P)
/usr/lib/gcc/avr/4.4.1/../../../../avr/lib/avr4/libc.a(strnlen.o)
                              /usr/lib/gcc/avr/4.4.1/../../../../avr/lib/avr4/libc.a(vfprintf_std.o) (strnlen)
/usr/lib/gcc/avr/4.4.1/../../../../avr/lib/avr4/libc.a(fputc.o)
                              /usr/lib/gcc/avr/4.4.1/../../../../avr/lib/avr4/libc.a(vfprintf_std.o) (fputc)
/usr/lib/gcc/avr/4.4.1/../../../../avr/lib/avr4/libc.a(ultoa_invert.o)
                              /usr/lib/gcc/avr/4.4.1/../../../../avr/lib/avr4/libc.a(vfprintf_std.o) (__ultoa_invert)
/usr/lib/gcc/avr/4.4.1/avr4/libgcc.a(_prologue.o)
                              /usr/lib/gcc/avr/4.4.1/../../../../avr/lib/avr4/libc.a(printf.o) (__prologue_saves__)
/usr/lib/gcc/avr/4.4.1/avr4/libgcc.a(_epilogue.o)
                              /usr/lib/gcc/avr/4.4.1/../../../../avr/lib/avr4/libc.a(printf.o) (__epilogue_restores__)

Allocating common symbols
Common symbol       size              file

pos_y               0x1               pcf857x.o
pos_x               0x1               pcf857x.o
__iob               0x6               /usr/lib/gcc/avr/4.4.1/../../../../avr/lib/avr4/libc.a(iob.o)

Memory Configuration

Name             Origin             Length             Attributes
text             0x0000000000000000 0x0000000000002000 xr
data             0x0000000000800060 0x000000000000ffa0 rw !x
eeprom           0x0000000000810000 0x0000000000010000 rw !x
*default*        0x0000000000000000 0xffffffffffffffff

Linker script and memory map

LOAD /usr/lib/gcc/avr/4.4.1/../../../../avr/lib/avr4/crtm8.o
LOAD pcf857x.o
LOAD main.o
LOAD /usr/lib/gcc/avr/4.4.1/../../../../avr/lib/avr4/libm.a
LOAD /usr/lib/gcc/avr/4.4.1/avr4/libgcc.a
LOAD /usr/lib/gcc/avr/4.4.1/../../../../avr/lib/avr4/libc.a
LOAD /usr/lib/gcc/avr/4.4.1/avr4/libgcc.a

.hash
 *(.hash)

.dynsym
 *(.dynsym)

.dynstr
 *(.dynstr)

.gnu.version
 *(.gnu.version)

.gnu.version_d
 *(.gnu.version_d)

.gnu.version_r
 *(.gnu.version_r)

.rel.init
 *(.rel.init)

.rela.init
 *(.rela.init)

.rel.text
 *(.rel.text)
 *(.rel.text.*)
 *(.rel.gnu.linkonce.t*)

.rela.text
 *(.rela.text)
 *(.rela.text.*)
 *(.rela.gnu.linkonce.t*)

.rel.fini
 *(.rel.fini)

.rela.fini
 *(.rela.fini)

.rel.rodata
 *(.rel.rodata)
 *(.rel.rodata.*)
 *(.rel.gnu.linkonce.r*)

.rela.rodata
 *(.rela.rodata)
 *(.rela.rodata.*)
 *(.rela.gnu.linkonce.r*)

.rel.data
 *(.rel.data)
 *(.rel.data.*)
 *(.rel.gnu.linkonce.d*)

.rela.data
 *(.rela.data)
 *(.rela.data.*)
 *(.rela.gnu.linkonce.d*)

.rel.ctors
 *(.rel.ctors)

.rela.ctors
 *(.rela.ctors)

.rel.dtors
 *(.rel.dtors)

.rela.dtors
 *(.rela.dtors)

.rel.got
 *(.rel.got)

.rela.got
 *(.rela.got)

.rel.bss
 *(.rel.bss)

.rela.bss
 *(.rela.bss)

.rel.plt
 *(.rel.plt)

.rela.plt
 *(.rela.plt)

.text           0x0000000000000000      0xad2
 *(.vectors)
 .vectors       0x0000000000000000       0x26 /usr/lib/gcc/avr/4.4.1/../../../../avr/lib/avr4/crtm8.o
                0x0000000000000000                __vectors
                0x0000000000000000                __vector_default
 *(.vectors)
 *(.progmem.gcc*)
 *(.progmem*)
 .progmem.data  0x0000000000000026      0x22b pcf857x.o
                0x0000000000000252                . = ALIGN (0x2)
 *fill*         0x0000000000000251        0x1 00
                0x0000000000000252                __trampolines_start = .
 *(.trampolines)
 .trampolines   0x0000000000000252        0x0 linker stubs
 *(.trampolines*)
                0x0000000000000252                __trampolines_end = .
 *(.jumptables)
 *(.jumptables*)
 *(.lowtext)
 *(.lowtext*)
                0x0000000000000252                __ctors_start = .
 *(.ctors)
                0x0000000000000252                __ctors_end = .
                0x0000000000000252                __dtors_start = .
 *(.dtors)
                0x0000000000000252                __dtors_end = .
 SORT(*)(.ctors)
 SORT(*)(.dtors)
 *(.init0)
 .init0         0x0000000000000252        0x0 /usr/lib/gcc/avr/4.4.1/../../../../avr/lib/avr4/crtm8.o
                0x0000000000000252                __init
 *(.init0)
 *(.init1)
 *(.init1)
 *(.init2)
 .init2         0x0000000000000252        0xc /usr/lib/gcc/avr/4.4.1/../../../../avr/lib/avr4/crtm8.o
 *(.init2)
 *(.init3)
 *(.init3)
 *(.init4)
 .init4         0x000000000000025e       0x16 /usr/lib/gcc/avr/4.4.1/avr4/libgcc.a(_copy_data.o)
                0x000000000000025e                __do_copy_data
 .init4         0x0000000000000274       0x10 /usr/lib/gcc/avr/4.4.1/avr4/libgcc.a(_clear_bss.o)
                0x0000000000000274                __do_clear_bss
 *(.init4)
 *(.init5)
 *(.init5)
 *(.init6)
 *(.init6)
 *(.init7)
 *(.init7)
 *(.init8)
 *(.init8)
 *(.init9)
 .init9         0x0000000000000284        0x4 /usr/lib/gcc/avr/4.4.1/../../../../avr/lib/avr4/crtm8.o
 *(.init9)
 *(.text)
 .text          0x0000000000000288        0x2 /usr/lib/gcc/avr/4.4.1/../../../../avr/lib/avr4/crtm8.o
                0x0000000000000288                __vector_1
                0x0000000000000288                __vector_12
                0x0000000000000288                __bad_interrupt
                0x0000000000000288                __vector_6
                0x0000000000000288                __vector_3
                0x0000000000000288                __vector_11
                0x0000000000000288                __vector_13
                0x0000000000000288                __vector_17
                0x0000000000000288                __vector_7
                0x0000000000000288                __vector_5
                0x0000000000000288                __vector_4
                0x0000000000000288                __vector_9
                0x0000000000000288                __vector_2
                0x0000000000000288                __vector_15
                0x0000000000000288                __vector_8
                0x0000000000000288                __vector_14
                0x0000000000000288                __vector_10
                0x0000000000000288                __vector_16
                0x0000000000000288                __vector_18
 .text          0x000000000000028a      0x2ac pcf857x.o
                0x0000000000000296                TWI_write
                0x00000000000003ca                znak__
                0x00000000000004ee                lcd_str
                0x00000000000002a4                TWI_stop
                0x00000000000002aa                lcdinit
                0x000000000000049c                znak
                0x0000000000000302                znak_
                0x000000000000028a                TwI_start
 .text          0x0000000000000536       0x42 main.o
                0x0000000000000536                main
 .text          0x0000000000000578        0x0 /usr/lib/gcc/avr/4.4.1/avr4/libgcc.a(_exit.o)
 .text          0x0000000000000578        0x0 /usr/lib/gcc/avr/4.4.1/avr4/libgcc.a(_copy_data.o)
 .text          0x0000000000000578        0x0 /usr/lib/gcc/avr/4.4.1/avr4/libgcc.a(_clear_bss.o)
 .text          0x0000000000000578        0x0 /usr/lib/gcc/avr/4.4.1/../../../../avr/lib/avr4/libc.a(iob.o)
 .text          0x0000000000000578       0x24 /usr/lib/gcc/avr/4.4.1/../../../../avr/lib/avr4/libc.a(printf.o)
                0x0000000000000578                printf
 .text          0x000000000000059c      0x384 /usr/lib/gcc/avr/4.4.1/../../../../avr/lib/avr4/libc.a(vfprintf_std.o)
                0x000000000000059c                vfprintf
 .text          0x0000000000000920       0x16 /usr/lib/gcc/avr/4.4.1/../../../../avr/lib/avr4/libc.a(strnlen_P.o)
                0x0000000000000920                strnlen_P
 .text          0x0000000000000936       0x16 /usr/lib/gcc/avr/4.4.1/../../../../avr/lib/avr4/libc.a(strnlen.o)
                0x0000000000000936                strnlen
 .text          0x000000000000094c       0x58 /usr/lib/gcc/avr/4.4.1/../../../../avr/lib/avr4/libc.a(fputc.o)
                0x000000000000094c                fputc
 .text          0x00000000000009a4       0xbc /usr/lib/gcc/avr/4.4.1/../../../../avr/lib/avr4/libc.a(ultoa_invert.o)
                0x00000000000009a4                __ultoa_invert
 .text          0x0000000000000a60        0x0 /usr/lib/gcc/avr/4.4.1/avr4/libgcc.a(_prologue.o)
 .text          0x0000000000000a60        0x0 /usr/lib/gcc/avr/4.4.1/avr4/libgcc.a(_epilogue.o)
                0x0000000000000a60                . = ALIGN (0x2)
 *(.text.*)
 .text.libgcc   0x0000000000000a60        0x0 /usr/lib/gcc/avr/4.4.1/avr4/libgcc.a(_exit.o)
 .text.libgcc   0x0000000000000a60        0x0 /usr/lib/gcc/avr/4.4.1/avr4/libgcc.a(_copy_data.o)
 .text.libgcc   0x0000000000000a60        0x0 /usr/lib/gcc/avr/4.4.1/avr4/libgcc.a(_clear_bss.o)
 .text.libgcc   0x0000000000000a60       0x38 /usr/lib/gcc/avr/4.4.1/avr4/libgcc.a(_prologue.o)
                0x0000000000000a60                __prologue_saves__
 .text.libgcc   0x0000000000000a98       0x36 /usr/lib/gcc/avr/4.4.1/avr4/libgcc.a(_epilogue.o)
                0x0000000000000a98                __epilogue_restores__
                0x0000000000000ace                . = ALIGN (0x2)
 *(.fini9)
 .fini9         0x0000000000000ace        0x0 /usr/lib/gcc/avr/4.4.1/avr4/libgcc.a(_exit.o)
                0x0000000000000ace                exit
                0x0000000000000ace                _exit
 *(.fini9)
 *(.fini8)
 *(.fini8)
 *(.fini7)
 *(.fini7)
 *(.fini6)
 *(.fini6)
 *(.fini5)
 *(.fini5)
 *(.fini4)
 *(.fini4)
 *(.fini3)
 *(.fini3)
 *(.fini2)
 *(.fini2)
 *(.fini1)
 *(.fini1)
 *(.fini0)
 .fini0         0x0000000000000ace        0x4 /usr/lib/gcc/avr/4.4.1/avr4/libgcc.a(_exit.o)
 *(.fini0)
                0x0000000000000ad2                _etext = .

.data           0x0000000000800060       0x4a load address 0x0000000000000ad2
                0x0000000000800060                PROVIDE (__data_start, .)
 *(.data)
 .data          0x0000000000800060        0x0 /usr/lib/gcc/avr/4.4.1/../../../../avr/lib/avr4/crtm8.o
 .data          0x0000000000800060        0xe pcf857x.o
 .data          0x000000000080006e       0x3b main.o
 .data          0x00000000008000a9        0x0 /usr/lib/gcc/avr/4.4.1/avr4/libgcc.a(_exit.o)
 .data          0x00000000008000a9        0x0 /usr/lib/gcc/avr/4.4.1/avr4/libgcc.a(_copy_data.o)
 .data          0x00000000008000a9        0x0 /usr/lib/gcc/avr/4.4.1/avr4/libgcc.a(_clear_bss.o)
 .data          0x00000000008000a9        0x0 /usr/lib/gcc/avr/4.4.1/../../../../avr/lib/avr4/libc.a(iob.o)
 .data          0x00000000008000a9        0x0 /usr/lib/gcc/avr/4.4.1/../../../../avr/lib/avr4/libc.a(printf.o)
 .data          0x00000000008000a9        0x0 /usr/lib/gcc/avr/4.4.1/../../../../avr/lib/avr4/libc.a(vfprintf_std.o)
 .data          0x00000000008000a9        0x0 /usr/lib/gcc/avr/4.4.1/../../../../avr/lib/avr4/libc.a(strnlen_P.o)
 .data          0x00000000008000a9        0x0 /usr/lib/gcc/avr/4.4.1/../../../../avr/lib/avr4/libc.a(strnlen.o)
 .data          0x00000000008000a9        0x0 /usr/lib/gcc/avr/4.4.1/../../../../avr/lib/avr4/libc.a(fputc.o)
 .data          0x00000000008000a9        0x0 /usr/lib/gcc/avr/4.4.1/../../../../avr/lib/avr4/libc.a(ultoa_invert.o)
 .data          0x00000000008000a9        0x0 /usr/lib/gcc/avr/4.4.1/avr4/libgcc.a(_prologue.o)
 .data          0x00000000008000a9        0x0 /usr/lib/gcc/avr/4.4.1/avr4/libgcc.a(_epilogue.o)
 *(.data*)
 *(.rodata)
 *(.rodata*)
 *(.gnu.linkonce.d*)
                0x00000000008000aa                . = ALIGN (0x2)
 *fill*         0x00000000008000a9        0x1 00
                0x00000000008000aa                _edata = .
                0x00000000008000aa                PROVIDE (__data_end, .)

.bss            0x00000000008000aa        0x8
                0x00000000008000aa                PROVIDE (__bss_start, .)
 *(.bss)
 .bss           0x00000000008000aa        0x0 /usr/lib/gcc/avr/4.4.1/../../../../avr/lib/avr4/crtm8.o
 .bss           0x00000000008000aa        0x0 pcf857x.o
 .bss           0x00000000008000aa        0x0 main.o
 .bss           0x00000000008000aa        0x0 /usr/lib/gcc/avr/4.4.1/avr4/libgcc.a(_exit.o)
 .bss           0x00000000008000aa        0x0 /usr/lib/gcc/avr/4.4.1/avr4/libgcc.a(_copy_data.o)
 .bss           0x00000000008000aa        0x0 /usr/lib/gcc/avr/4.4.1/avr4/libgcc.a(_clear_bss.o)
 .bss           0x00000000008000aa        0x0 /usr/lib/gcc/avr/4.4.1/../../../../avr/lib/avr4/libc.a(iob.o)
 .bss           0x00000000008000aa        0x0 /usr/lib/gcc/avr/4.4.1/../../../../avr/lib/avr4/libc.a(printf.o)
 .bss           0x00000000008000aa        0x0 /usr/lib/gcc/avr/4.4.1/../../../../avr/lib/avr4/libc.a(vfprintf_std.o)
 .bss           0x00000000008000aa        0x0 /usr/lib/gcc/avr/4.4.1/../../../../avr/lib/avr4/libc.a(strnlen_P.o)
 .bss           0x00000000008000aa        0x0 /usr/lib/gcc/avr/4.4.1/../../../../avr/lib/avr4/libc.a(strnlen.o)
 .bss           0x00000000008000aa        0x0 /usr/lib/gcc/avr/4.4.1/../../../../avr/lib/avr4/libc.a(fputc.o)
 .bss           0x00000000008000aa        0x0 /usr/lib/gcc/avr/4.4.1/../../../../avr/lib/avr4/libc.a(ultoa_invert.o)
 .bss           0x00000000008000aa        0x0 /usr/lib/gcc/avr/4.4.1/avr4/libgcc.a(_prologue.o)
 .bss           0x00000000008000aa        0x0 /usr/lib/gcc/avr/4.4.1/avr4/libgcc.a(_epilogue.o)
 *(.bss*)
 *(COMMON)
 COMMON         0x00000000008000aa        0x2 pcf857x.o
                0x00000000008000aa                pos_y
                0x00000000008000ab                pos_x
 COMMON         0x00000000008000ac        0x6 /usr/lib/gcc/avr/4.4.1/../../../../avr/lib/avr4/libc.a(iob.o)
                0x00000000008000ac                __iob
                0x00000000008000b2                PROVIDE (__bss_end, .)
                0x0000000000000ad2                __data_load_start = LOADADDR (.data)
                0x0000000000000b1c                __data_load_end = (__data_load_start + SIZEOF (.data))

.noinit         0x00000000008000b2        0x0
                0x00000000008000b2                PROVIDE (__noinit_start, .)
 *(.noinit*)
                0x00000000008000b2                PROVIDE (__noinit_end, .)
                0x00000000008000b2                _end = .
                0x00000000008000b2                PROVIDE (__heap_start, .)

.eeprom         0x0000000000810000        0x0
 *(.eeprom*)
                0x0000000000810000                __eeprom_end = .

.stab
 *(.stab)

.stabstr
 *(.stabstr)

.stab.excl
 *(.stab.excl)

.stab.exclstr
 *(.stab.exclstr)

.stab.index
 *(.stab.index)

.stab.indexstr
 *(.stab.indexstr)

.comment
 *(.comment)

.debug
 *(.debug)

.line
 *(.line)

.debug_srcinfo
 *(.debug_srcinfo)

.debug_sfnames
 *(.debug_sfnames)

.debug_aranges  0x0000000000000000       0x40
 *(.debug_aranges)
 .debug_aranges
                0x0000000000000000       0x20 pcf857x.o
 .debug_aranges
                0x0000000000000020       0x20 main.o

.debug_pubnames
                0x0000000000000000       0xb4
 *(.debug_pubnames)
 .debug_pubnames
                0x0000000000000000       0x85 pcf857x.o
 .debug_pubnames
                0x0000000000000085       0x2f main.o

.debug_info     0x0000000000000000      0x916
 *(.debug_info)
 .debug_info    0x0000000000000000      0x784 pcf857x.o
 .debug_info    0x0000000000000784      0x192 main.o
 *(.gnu.linkonce.wi.*)

.debug_abbrev   0x0000000000000000      0x2fd
 *(.debug_abbrev)
 .debug_abbrev  0x0000000000000000      0x20a pcf857x.o
 .debug_abbrev  0x000000000000020a       0xf3 main.o

.debug_line     0x0000000000000000      0x5e2
 *(.debug_line)
 .debug_line    0x0000000000000000      0x50c pcf857x.o
 .debug_line    0x000000000000050c       0xd6 main.o

.debug_frame    0x0000000000000000       0xc0
 *(.debug_frame)
 .debug_frame   0x0000000000000000       0xa0 pcf857x.o
 .debug_frame   0x00000000000000a0       0x20 main.o

.debug_str      0x0000000000000000      0x13f
 *(.debug_str)
 .debug_str     0x0000000000000000      0x133 pcf857x.o
                                        0x16c (size before relaxing)
 .debug_str     0x0000000000000133        0xc main.o
                                         0xdc (size before relaxing)

.debug_loc      0x0000000000000000      0x26a
 *(.debug_loc)
 .debug_loc     0x0000000000000000      0x26a pcf857x.o

.debug_macinfo
 *(.debug_macinfo)
OUTPUT(main.elf elf32-avr)
LOAD linker stubs

Cross Reference Table

Symbol                                            File
TWI_stop                                          pcf857x.o
TWI_write                                         pcf857x.o
TwI_start                                         pcf857x.o
__bad_interrupt                                   /usr/lib/gcc/avr/4.4.1/../../../../avr/lib/avr4/crtm8.o
__bss_end                                         /usr/lib/gcc/avr/4.4.1/avr4/libgcc.a(_clear_bss.o)
__bss_start                                       /usr/lib/gcc/avr/4.4.1/avr4/libgcc.a(_clear_bss.o)
__data_end                                        /usr/lib/gcc/avr/4.4.1/avr4/libgcc.a(_copy_data.o)
__data_load_start                                 /usr/lib/gcc/avr/4.4.1/avr4/libgcc.a(_copy_data.o)
__data_start                                      /usr/lib/gcc/avr/4.4.1/avr4/libgcc.a(_copy_data.o)
__do_clear_bss                                    /usr/lib/gcc/avr/4.4.1/avr4/libgcc.a(_clear_bss.o)
                                                  /usr/lib/gcc/avr/4.4.1/../../../../avr/lib/avr4/libc.a(fputc.o)
                                                  /usr/lib/gcc/avr/4.4.1/../../../../avr/lib/avr4/libc.a(vfprintf_std.o)
                                                  /usr/lib/gcc/avr/4.4.1/../../../../avr/lib/avr4/libc.a(printf.o)
                                                  /usr/lib/gcc/avr/4.4.1/../../../../avr/lib/avr4/libc.a(iob.o)
                                                  main.o
                                                  pcf857x.o
__do_copy_data                                    /usr/lib/gcc/avr/4.4.1/avr4/libgcc.a(_copy_data.o)
                                                  /usr/lib/gcc/avr/4.4.1/../../../../avr/lib/avr4/libc.a(fputc.o)
                                                  /usr/lib/gcc/avr/4.4.1/../../../../avr/lib/avr4/libc.a(vfprintf_std.o)
                                                  /usr/lib/gcc/avr/4.4.1/../../../../avr/lib/avr4/libc.a(printf.o)
                                                  /usr/lib/gcc/avr/4.4.1/../../../../avr/lib/avr4/libc.a(iob.o)
                                                  main.o
                                                  pcf857x.o
__epilogue_restores__                             /usr/lib/gcc/avr/4.4.1/avr4/libgcc.a(_epilogue.o)
                                                  /usr/lib/gcc/avr/4.4.1/../../../../avr/lib/avr4/libc.a(vfprintf_std.o)
                                                  /usr/lib/gcc/avr/4.4.1/../../../../avr/lib/avr4/libc.a(printf.o)
__heap_end                                        /usr/lib/gcc/avr/4.4.1/../../../../avr/lib/avr4/crtm8.o
__init                                            /usr/lib/gcc/avr/4.4.1/../../../../avr/lib/avr4/crtm8.o
__iob                                             /usr/lib/gcc/avr/4.4.1/../../../../avr/lib/avr4/libc.a(printf.o)
                                                  /usr/lib/gcc/avr/4.4.1/../../../../avr/lib/avr4/libc.a(iob.o)
                                                  pcf857x.o
__prologue_saves__                                /usr/lib/gcc/avr/4.4.1/avr4/libgcc.a(_prologue.o)
                                                  /usr/lib/gcc/avr/4.4.1/../../../../avr/lib/avr4/libc.a(vfprintf_std.o)
                                                  /usr/lib/gcc/avr/4.4.1/../../../../avr/lib/avr4/libc.a(printf.o)
__stack                                           /usr/lib/gcc/avr/4.4.1/../../../../avr/lib/avr4/crtm8.o
__ultoa_invert                                    /usr/lib/gcc/avr/4.4.1/../../../../avr/lib/avr4/libc.a(ultoa_invert.o)
                                                  /usr/lib/gcc/avr/4.4.1/../../../../avr/lib/avr4/libc.a(vfprintf_std.o)
__vector_1                                        /usr/lib/gcc/avr/4.4.1/../../../../avr/lib/avr4/crtm8.o
__vector_10                                       /usr/lib/gcc/avr/4.4.1/../../../../avr/lib/avr4/crtm8.o
__vector_11                                       /usr/lib/gcc/avr/4.4.1/../../../../avr/lib/avr4/crtm8.o
__vector_12                                       /usr/lib/gcc/avr/4.4.1/../../../../avr/lib/avr4/crtm8.o
__vector_13                                       /usr/lib/gcc/avr/4.4.1/../../../../avr/lib/avr4/crtm8.o
__vector_14                                       /usr/lib/gcc/avr/4.4.1/../../../../avr/lib/avr4/crtm8.o
__vector_15                                       /usr/lib/gcc/avr/4.4.1/../../../../avr/lib/avr4/crtm8.o
__vector_16                                       /usr/lib/gcc/avr/4.4.1/../../../../avr/lib/avr4/crtm8.o
__vector_17                                       /usr/lib/gcc/avr/4.4.1/../../../../avr/lib/avr4/crtm8.o
__vector_18                                       /usr/lib/gcc/avr/4.4.1/../../../../avr/lib/avr4/crtm8.o
__vector_2                                        /usr/lib/gcc/avr/4.4.1/../../../../avr/lib/avr4/crtm8.o
__vector_3                                        /usr/lib/gcc/avr/4.4.1/../../../../avr/lib/avr4/crtm8.o
__vector_4                                        /usr/lib/gcc/avr/4.4.1/../../../../avr/lib/avr4/crtm8.o
__vector_5                                        /usr/lib/gcc/avr/4.4.1/../../../../avr/lib/avr4/crtm8.o
__vector_6                                        /usr/lib/gcc/avr/4.4.1/../../../../avr/lib/avr4/crtm8.o
__vector_7                                        /usr/lib/gcc/avr/4.4.1/../../../../avr/lib/avr4/crtm8.o
__vector_8                                        /usr/lib/gcc/avr/4.4.1/../../../../avr/lib/avr4/crtm8.o
__vector_9                                        /usr/lib/gcc/avr/4.4.1/../../../../avr/lib/avr4/crtm8.o
__vector_default                                  /usr/lib/gcc/avr/4.4.1/../../../../avr/lib/avr4/crtm8.o
__vectors                                         /usr/lib/gcc/avr/4.4.1/../../../../avr/lib/avr4/crtm8.o
_exit                                             /usr/lib/gcc/avr/4.4.1/avr4/libgcc.a(_exit.o)
exit                                              /usr/lib/gcc/avr/4.4.1/avr4/libgcc.a(_exit.o)
                                                  /usr/lib/gcc/avr/4.4.1/../../../../avr/lib/avr4/crtm8.o
fputc                                             /usr/lib/gcc/avr/4.4.1/../../../../avr/lib/avr4/libc.a(fputc.o)
                                                  /usr/lib/gcc/avr/4.4.1/../../../../avr/lib/avr4/libc.a(vfprintf_std.o)
lcd_str                                           pcf857x.o
                                                  main.o
lcdinit                                           pcf857x.o
                                                  main.o
main                                              main.o
                                                  /usr/lib/gcc/avr/4.4.1/../../../../avr/lib/avr4/crtm8.o
pos_x                                             main.o
                                                  pcf857x.o
pos_y                                             main.o
                                                  pcf857x.o
printf                                            /usr/lib/gcc/avr/4.4.1/../../../../avr/lib/avr4/libc.a(printf.o)
                                                  main.o
strnlen                                           /usr/lib/gcc/avr/4.4.1/../../../../avr/lib/avr4/libc.a(strnlen.o)
                                                  /usr/lib/gcc/avr/4.4.1/../../../../avr/lib/avr4/libc.a(vfprintf_std.o)
strnlen_P                                         /usr/lib/gcc/avr/4.4.1/../../../../avr/lib/avr4/libc.a(strnlen_P.o)
                                                  /usr/lib/gcc/avr/4.4.1/../../../../avr/lib/avr4/libc.a(vfprintf_std.o)
vfprintf                                          /usr/lib/gcc/avr/4.4.1/../../../../avr/lib/avr4/libc.a(vfprintf_std.o)
                                                  /usr/lib/gcc/avr/4.4.1/../../../../avr/lib/avr4/libc.a(printf.o)
znak                                              pcf857x.o
                                                  main.o
znak_                                             pcf857x.o
znak__                                            pcf857x.o
