   1               		.file	"main.c"
   2               	__SREG__ = 0x3f
   3               	__SP_H__ = 0x3e
   4               	__SP_L__ = 0x3d
   5               	__tmp_reg__ = 0
   6               	__zero_reg__ = 1
   7               		.global __do_copy_data
   8               		.global __do_clear_bss
  16               	.Ltext0:
  17               		.data
  18               	.LC0:
  19 0000 4168 6F6A 		.string	"Ahoj sv\200te!"
  19      2073 7680 
  19      7465 2100 
  20               	.LC1:
  21 000c 4865 6C6C 		.string	"Hello world!"
  21      6F20 776F 
  21      726C 6421 
  21      00
  22               	.LC2:
  23 0019 0A54 6573 		.string	"\nTest displaye s radicem PCF8578."
  23      7420 6469 
  23      7370 6C61 
  23      7965 2073 
  23      2072 6164 
  24               		.text
  25               	.global	main
  27               	main:
  28               	.LFB1:
  29               	.LM1:
  30 0000 1F93      		push r17
  31               	/* prologue: function */
  32               	/* frame size = 0 */
  33               	.LM2:
  34 0002 00D0      		rcall lcdinit
  35 0004 10E6      		ldi r17,lo8(96)
  36               	.LVL0:
  37               	.L2:
  38               	.LBB2:
  39               	.LM3:
  40 0006 80E2      		ldi r24,lo8(32)
  41 0008 00D0      		rcall znak
  42 000a 1150      		subi r17,lo8(-(-1))
  43 000c 01F4      		brne .L2
  44               	.LBE2:
  45 000e 1092 0000 		sts pos_x,__zero_reg__
  46 0012 1092 0000 		sts pos_y,__zero_reg__
  47               	.LM4:
  48 0016 80E0      		ldi r24,lo8(.LC0)
  49 0018 90E0      		ldi r25,hi8(.LC0)
  50 001a 00D0      		rcall lcd_str
  51               	.LM5:
  52 001c 81E0      		ldi r24,lo8(1)
  53 001e 8093 0000 		sts pos_x,r24
  54 0022 8093 0000 		sts pos_y,r24
  55               	.LM6:
  56 0026 80E0      		ldi r24,lo8(.LC1)
  57 0028 90E0      		ldi r25,hi8(.LC1)
  58 002a 00D0      		rcall lcd_str
  59               	.LM7:
  60 002c 00D0      		rcall .
  61 002e 80E0      		ldi r24,lo8(.LC2)
  62 0030 90E0      		ldi r25,hi8(.LC2)
  63 0032 EDB7      		in r30,__SP_L__
  64 0034 FEB7      		in r31,__SP_H__
  65 0036 9283      		std Z+2,r25
  66 0038 8183      		std Z+1,r24
  67 003a 00D0      		rcall printf
  68 003c 0F90      		pop __tmp_reg__
  69 003e 0F90      		pop __tmp_reg__
  70               	.L3:
  71 0040 00C0      		rjmp .L3
  72               	.LFE1:
  74               		.comm pos_x,1,1
  75               		.comm pos_y,1,1
 100               	.Letext0:
DEFINED SYMBOLS
                            *ABS*:0000000000000000 main.c
     /tmp/ccWpuH3i.s:2      *ABS*:000000000000003f __SREG__
     /tmp/ccWpuH3i.s:3      *ABS*:000000000000003e __SP_H__
     /tmp/ccWpuH3i.s:4      *ABS*:000000000000003d __SP_L__
     /tmp/ccWpuH3i.s:5      *ABS*:0000000000000000 __tmp_reg__
     /tmp/ccWpuH3i.s:6      *ABS*:0000000000000001 __zero_reg__
     /tmp/ccWpuH3i.s:27     .text:0000000000000000 main
                            *COM*:0000000000000001 pos_x
                            *COM*:0000000000000001 pos_y

UNDEFINED SYMBOLS
__do_copy_data
__do_clear_bss
lcdinit
znak
lcd_str
printf
